// Jest Snapshot v1, https://goo.gl/fbAQLP

exports[`should render ExpenseListItem with fixture data 1`] = `
<div>
  <Link
    to="/edit/1"
  >
    <h3>
      жовка
    </h3>
  </Link>
  <p>
    195
     - 
    0
  </p>
</div>
`;
